Copyright 1986-1999, 2001-2013 Xilinx, Inc. All Rights Reserved.
-----------------------------------------------------------------------------------------------
| Tool Version : Vivado v.2013.3 (lin32) Build 329390 Wed Oct 16 18:28:36 MDT 2013
| Date         : Wed Jul 23 21:49:36 2014
| Host         : agilehw-laptop running 32-bit Ubuntu 10.04.4 LTS
| Command      : report_control_sets -verbose -file MainDesign_wrapper_control_sets_placed.rpt
| Design       : MainDesign_wrapper
| Device       : xc7z020
-----------------------------------------------------------------------------------------------

Control Set Information

Table of Contents
-----------------
1. Summary
2. Flip-Flop Distribution
3. Detailed Control Set Information

1. Summary
----------

+-------------------------------------------------------------------+-------+
|                               Status                              | Count |
+-------------------------------------------------------------------+-------+
| Number of unique control sets                                     |   189 |
| Minimum Number of register sites lost to control set restrictions |   577 |
+-------------------------------------------------------------------+-------+


2. Flip-Flop Distribution
-------------------------

+--------------+-----------------------+------------------------+-----------------+--------------+
| Clock Enable | Synchronous Set/Reset | Asynchronous Set/Reset | Total Registers | Total Slices |
+--------------+-----------------------+------------------------+-----------------+--------------+
| No           | No                    | No                     |            2258 |          739 |
| No           | No                    | Yes                    |              14 |           12 |
| No           | Yes                   | No                     |             461 |          182 |
| Yes          | No                    | No                     |             851 |          275 |
| Yes          | No                    | Yes                    |              20 |            4 |
| Yes          | Yes                   | No                     |            1819 |          500 |
+--------------+-----------------------+------------------------+-----------------+--------------+


3. Detailed Control Set Information
-----------------------------------

+---------------------------------------------------+--------------------------------------------------------------------------------------------------------------------------------------------------------------------------------------------------------------------------------------------------+---------------------------------------------------------------------------------------------------------------------------------------------------------------------------+------------------+----------------+
|                    Clock Signal                   |                                                                                                                   Enable Signal                                                                                                                  |                                                                              Set/Reset Signal                                                                             | Slice Load Count | Bel Load Count |
+---------------------------------------------------+--------------------------------------------------------------------------------------------------------------------------------------------------------------------------------------------------------------------------------------------------+---------------------------------------------------------------------------------------------------------------------------------------------------------------------------+------------------+----------------+
|  MainDesign_i/processing_system7_0/inst/FCLK_CLK1 | MainDesign_i/zed_hdmi_display/v_cresample_0/U0/obsi2pxgzhumx0nx0152iocfizz5cdi3mtn5yq2f                                                                                                                                                          |                                                                                                                                                                           |                1 |              1 |
|  MainDesign_i/processing_system7_0/inst/FCLK_CLK0 |                                                                                                                                                                                                                                                  | MainDesign_i/zed_hdmi_iic_0/U0/X_IIC/X_AXI_IPIF_SSP1/AXI_LITE_IPIF_I/I_SLAVE_ATTACHMENT/rst                                                                               |                1 |              1 |
|  MainDesign_i/processing_system7_0/inst/FCLK_CLK1 |                                                                                                                                                                                                                                                  | MainDesign_i/zed_hdmi_display/axi_vdma_0/U0/GEN_SPRT_FOR_MM2S.MM2S_LINEBUFFER_I/s_axis_fifo_ainit_nosync                                                                  |                1 |              1 |
|  MainDesign_i/processing_system7_0/inst/FCLK_CLK0 |                                                                                                                                                                                                                                                  | MainDesign_i/zed_hdmi_display/v_tc_0/U0/obsa2pxgzhumx0nx0152ioso3r34x1g4r4wmo4rvuze0r5cdmtxm5l3tpi5lgozj5lh2iowpw05e20h0jx1ze0xqumo54ehekjd                               |                1 |              1 |
|  MainDesign_i/processing_system7_0/inst/FCLK_CLK0 | MainDesign_i/zed_hdmi_iic_0/U0/n_0_Addr_Counters[0].MUXCY_L_I_i_2                                                                                                                                                                                |                                                                                                                                                                           |                1 |              2 |
|  MainDesign_i/processing_system7_0/inst/FCLK_CLK0 | MainDesign_i/processing_system7_0_axi_periph/s00_couplers/auto_pc/inst/gen_axilite.gen_b2s_conv.axilite_b2s/WR.b_channel_0/bresp_push                                                                                                            |                                                                                                                                                                           |                1 |              2 |
|  MainDesign_i/processing_system7_0/inst/FCLK_CLK1 |                                                                                                                                                                                                                                                  | MainDesign_i/zed_hdmi_display/axi_mem_intercon/s00_couplers/auto_pc/n_0_ngwrdrst.grst.wr_rst_reg[1]_i_1                                                                   |                2 |              2 |
|  MainDesign_i/processing_system7_0/inst/FCLK_CLK1 |                                                                                                                                                                                                                                                  | MainDesign_i/zed_hdmi_display/axi_mem_intercon/s00_couplers/auto_pc/RST_FULL_FF                                                                                           |                1 |              2 |
|  MainDesign_i/processing_system7_0/inst/FCLK_CLK1 | MainDesign_i/zed_hdmi_display/axi_mem_intercon/s00_couplers/auto_pc/inst/gen_axi4_axi3.axi3_conv_inst/USE_READ.USE_SPLIT_R.read_addr_inst/USE_R_CHANNEL.cmd_queue/inst/fifo_gen_inst/inst_fifo_gen/gconvfifo.rf/grf.rf/p_3_out                   |                                                                                                                                                                           |                1 |              2 |
|  MainDesign_i/processing_system7_0/inst/FCLK_CLK1 |                                                                                                                                                                                                                                                  | MainDesign_i/zed_hdmi_display/axi_mem_intercon/s00_couplers/auto_pc/n_0_ngwrdrst.grst.rd_rst_reg[2]_i_1                                                                   |                2 |              2 |
|  MainDesign_i/processing_system7_0/inst/FCLK_CLK1 |                                                                                                                                                                                                                                                  | MainDesign_i/zed_hdmi_display/axi_mem_intercon/s00_couplers/auto_pc/n_0_S_AXI_ASIZE_Q[2]_i_1                                                                              |                2 |              2 |
|  MainDesign_i/processing_system7_0/inst/FCLK_CLK1 | MainDesign_i/zed_hdmi_display/axi_vdma_0/U0/I_PRMRY_DATAMOVER/GEN_MM2S_FULL.I_MM2S_FULL_WRAPPER/I_CMD_STATUS/GEN_INCLUDE_STATUS_FIFO.I_STS_FIFO/sig_wr_fifo                                                                                      |                                                                                                                                                                           |                1 |              3 |
|  MainDesign_i/processing_system7_0/inst/FCLK_CLK0 | MainDesign_i/processing_system7_0_axi_periph/s00_couplers/auto_pc/n_0_axlen_cnt[3]_i_1__0                                                                                                                                                        | MainDesign_i/processing_system7_0_axi_periph/s00_couplers/auto_pc/n_0_axlen_cnt[7]_i_1__0                                                                                 |                2 |              4 |
|  MainDesign_i/processing_system7_0/inst/FCLK_CLK0 | MainDesign_i/processing_system7_0_axi_periph/s00_couplers/auto_pc/n_0_axlen_cnt[3]_i_1__0                                                                                                                                                        |                                                                                                                                                                           |                1 |              4 |
|  MainDesign_i/processing_system7_0/inst/FCLK_CLK0 | MainDesign_i/processing_system7_0_axi_periph/s00_couplers/auto_pc/n_0_axlen_cnt[3]_i_1__1                                                                                                                                                        |                                                                                                                                                                           |                1 |              4 |
|  MainDesign_i/processing_system7_0/inst/FCLK_CLK0 | MainDesign_i/processing_system7_0_axi_periph/s00_couplers/auto_pc/n_0_axlen_cnt[3]_i_1                                                                                                                                                           |                                                                                                                                                                           |                1 |              4 |
|  MainDesign_i/processing_system7_0/inst/FCLK_CLK0 |                                                                                                                                                                                                                                                  | MainDesign_i/zed_hdmi_iic_0/U0/X_IIC/X_AXI_IPIF_SSP1/AXI_LITE_IPIF_I/I_SLAVE_ATTACHMENT/p_2_out                                                                           |                1 |              4 |
|  MainDesign_i/processing_system7_0/inst/FCLK_CLK0 | MainDesign_i/processing_system7_0_axi_periph/s00_couplers/auto_pc/n_0_axlen_cnt[3]_i_1__2                                                                                                                                                        | MainDesign_i/processing_system7_0_axi_periph/s00_couplers/auto_pc/n_0_axlen_cnt[7]_i_1                                                                                    |                2 |              4 |
|  MainDesign_i/processing_system7_0/inst/FCLK_CLK0 | MainDesign_i/processing_system7_0_axi_periph/s00_couplers/auto_pc/n_0_axlen_cnt[3]_i_1__2                                                                                                                                                        |                                                                                                                                                                           |                2 |              4 |
|  MainDesign_i/processing_system7_0/inst/FCLK_CLK0 | MainDesign_i/zed_hdmi_iic_0/U0/X_IIC/Tx_data_exists                                                                                                                                                                                              | MainDesign_i/zed_hdmi_iic_0/U0/X_IIC/Tx_fifo_rst                                                                                                                          |                1 |              4 |
|  MainDesign_i/processing_system7_0/inst/FCLK_CLK1 | MainDesign_i/zed_hdmi_display/axi_vdma_0/U0/I_PRMRY_DATAMOVER/GEN_MM2S_FULL.I_MM2S_FULL_WRAPPER/I_RD_DATA_CNTL/sig_push_coelsc_reg                                                                                                               | MainDesign_i/zed_hdmi_display/axi_vdma_0/U0/n_0_sig_coelsc_reg_full_i_1                                                                                                   |                1 |              4 |
|  MainDesign_i/processing_system7_0/inst/FCLK_CLK1 | MainDesign_i/zed_hdmi_display/axi_vdma_0/U0/n_0_INCLUDE_DRE_CNTL.sig_dre_src_align_reg[1]_i_1                                                                                                                                                    | MainDesign_i/zed_hdmi_display/axi_vdma_0/U0/I_PRMRY_DATAMOVER/GEN_MM2S_FULL.I_MM2S_FULL_WRAPPER/sig_stream_rst                                                            |                1 |              4 |
|  MainDesign_i/processing_system7_0/inst/FCLK_CLK1 |                                                                                                                                                                                                                                                  | MainDesign_i/zed_hdmi_display/proc_sys_reset/U0/lpf_int                                                                                                                   |                2 |              4 |
|  MainDesign_i/processing_system7_0/inst/FCLK_CLK0 | MainDesign_i/zed_hdmi_iic_0/U0/X_IIC/Rc_Data_Exists                                                                                                                                                                                              | MainDesign_i/zed_hdmi_iic_0/U0/n_0_ip_irpt_enable_reg[7]_i_1                                                                                                              |                1 |              4 |
|  MainDesign_i/processing_system7_0/inst/FCLK_CLK0 | MainDesign_i/zed_hdmi_iic_0/U0/n_0_X_IIC/WRITE_FIFO_CTRL_I/Data_Exists_DFF                                                                                                                                                                       | MainDesign_i/zed_hdmi_iic_0/U0/X_IIC/Tx_fifo_rst                                                                                                                          |                1 |              4 |
|  MainDesign_i/processing_system7_0/inst/FCLK_CLK0 | MainDesign_i/zed_hdmi_iic_0/U0/n_0_q_int[0]_i_1__1                                                                                                                                                                                               | MainDesign_i/zed_hdmi_iic_0/U0/X_IIC/IIC_CONTROL_I/detect_start1                                                                                                          |                2 |              4 |
|  MainDesign_i/processing_system7_0/inst/FCLK_CLK1 |                                                                                                                                                                                                                                                  | MainDesign_i/zed_hdmi_display/v_cresample_0/U0/obsnbeireagdzmj4jtr52igusp4ehac2r4bdrvgrhc52ioaasmqvcpqmilaghyi                                                            |                4 |              4 |
|  MainDesign_i/processing_system7_0/inst/FCLK_CLK0 | MainDesign_i/zed_hdmi_iic_0/U0/n_0_RD_FIFO_CNTRL.rc_fifo_pirq_i[4]_i_1                                                                                                                                                                           | MainDesign_i/zed_hdmi_iic_0/U0/n_0_ip_irpt_enable_reg[7]_i_1                                                                                                              |                2 |              4 |
|  MainDesign_i/processing_system7_0/inst/FCLK_CLK1 | MainDesign_i/zed_hdmi_display/axi_mem_intercon/s00_couplers/auto_pc/inst/gen_axi4_axi3.axi3_conv_inst/USE_READ.USE_SPLIT_R.read_addr_inst/pushed_new_cmd                                                                                         | MainDesign_i/zed_hdmi_display/axi_mem_intercon/s00_couplers/auto_pc/n_0_pushed_commands[3]_i_1                                                                            |                1 |              4 |
|  MainDesign_i/processing_system7_0/inst/FCLK_CLK1 | MainDesign_i/zed_hdmi_display/axi_vdma_0/U0/n_0_MM2S_ERR_FOR_IRQ.frm_store_i[4]_i_1                                                                                                                                                              | MainDesign_i/zed_hdmi_display/axi_vdma_0/U0/GEN_SPRT_FOR_MM2S.MM2S_VID_CDC_I/p_0_in                                                                                       |                2 |              5 |
|  MainDesign_i/processing_system7_0/inst/FCLK_CLK1 | MainDesign_i/zed_hdmi_display/axi_vdma_0/U0/n_0_MASTER_MODE_FRAME_CNT.frame_number_i[4]_i_2                                                                                                                                                      | MainDesign_i/zed_hdmi_display/axi_vdma_0/U0/n_0_MASTER_MODE_FRAME_CNT.frame_number_i[4]_i_1                                                                               |                2 |              5 |
|  MainDesign_i/processing_system7_0/inst/FCLK_CLK1 | MainDesign_i/zed_hdmi_display/axi_vdma_0/U0/I_PRMRY_DATAMOVER/GEN_MM2S_FULL.I_MM2S_FULL_WRAPPER/I_MSTR_PCC/sig_push_input_reg12_out                                                                                                              | MainDesign_i/zed_hdmi_display/axi_vdma_0/U0/I_PRMRY_DATAMOVER/GEN_MM2S_FULL.I_MM2S_FULL_WRAPPER/I_MSTR_PCC/sig_input_cache_type_reg0                                      |                1 |              5 |
|  MainDesign_i/processing_system7_0/inst/FCLK_CLK1 | MainDesign_i/zed_hdmi_display/axi_vdma_0/U0/n_0_sig_token_cntr[4]_i_1                                                                                                                                                                            | MainDesign_i/zed_hdmi_display/axi_vdma_0/U0/I_PRMRY_DATAMOVER/GEN_MM2S_FULL.I_MM2S_FULL_WRAPPER/sig_stream_rst                                                            |                2 |              5 |
|  MainDesign_i/processing_system7_0/inst/FCLK_CLK1 | MainDesign_i/zed_hdmi_display/axi_vdma_0/U0/I_PRMRY_DATAMOVER/GEN_MM2S_FULL.I_MM2S_FULL_WRAPPER/I_RD_STATUS_CNTLR/sig_push_rd_sts_reg                                                                                                            | MainDesign_i/zed_hdmi_display/axi_vdma_0/U0/n_0_sig_rd_sts_reg_full_i_1                                                                                                   |                1 |              5 |
|  MainDesign_i/processing_system7_0/inst/FCLK_CLK0 | MainDesign_i/zed_hdmi_iic_0/U0/n_0_cr_i[0]_i_1                                                                                                                                                                                                   | MainDesign_i/zed_hdmi_iic_0/U0/n_0_ip_irpt_enable_reg[7]_i_1                                                                                                              |                3 |              5 |
|  MainDesign_i/processing_system7_0/inst/FCLK_CLK1 |                                                                                                                                                                                                                                                  | MainDesign_i/zed_hdmi_display/axi_mem_intercon/s00_couplers/auto_pc/RD_RST                                                                                                |                4 |              5 |
|  MainDesign_i/processing_system7_0/inst/FCLK_CLK1 | MainDesign_i/zed_hdmi_display/v_cresample_0/U0/obsng5tl2wheip2chfbvh5crt14feprd21                                                                                                                                                                |                                                                                                                                                                           |                2 |              5 |
|  MainDesign_i/processing_system7_0/inst/FCLK_CLK1 | MainDesign_i/zed_hdmi_display/axi_vdma_0/U0/GEN_SPRT_FOR_MM2S.I_MM2S_DMA_MNGR/flag_to_repeat_after_fsize_less_err                                                                                                                                | MainDesign_i/zed_hdmi_display/axi_vdma_0/U0/n_0_MASTER_MODE_FRAME_CNT.repeat_frame_nmbr[4]_i_1                                                                            |                1 |              5 |
|  MainDesign_i/processing_system7_0/inst/FCLK_CLK1 | MainDesign_i/zed_hdmi_display/axi_vdma_0/U0/mm2s_axi2ip_wrce[10]                                                                                                                                                                                 | MainDesign_i/zed_hdmi_display/axi_vdma_0/U0/GEN_SPRT_FOR_MM2S.MM2S_VID_CDC_I/p_0_in                                                                                       |                3 |              5 |
|  MainDesign_i/processing_system7_0/inst/FCLK_CLK1 | MainDesign_i/zed_hdmi_display/v_rgb2ycrcb_0/U0/obsng5tl2wheip2chfbvh5crt14feprd21                                                                                                                                                                |                                                                                                                                                                           |                3 |              5 |
|  MainDesign_i/processing_system7_0/inst/FCLK_CLK0 |                                                                                                                                                                                                                                                  | MainDesign_i/proc_sys_reset/U0/lpf_int                                                                                                                                    |                2 |              5 |
|  MainDesign_i/clk_wiz_0/inst/clk_out1             | MainDesign_i/zed_hdmi_display/v_axi4s_vid_out_0/inst/fifo_rd_en                                                                                                                                                                                  |                                                                                                                                                                           |                1 |              5 |
|  MainDesign_i/processing_system7_0/inst/FCLK_CLK1 | MainDesign_i/zed_hdmi_display/proc_sys_reset/U0/SEQ/seq_cnt_en                                                                                                                                                                                   | MainDesign_i/zed_hdmi_display/proc_sys_reset/U0/clear                                                                                                                     |                1 |              6 |
|  MainDesign_i/processing_system7_0/inst/FCLK_CLK1 | MainDesign_i/zed_hdmi_display/axi_vdma_0/U0/I_PRMRY_DATAMOVER/GEN_MM2S_FULL.I_MM2S_FULL_WRAPPER/GEN_INCLUDE_MM2S_SF.I_RD_SF/INCLUDE_DRE_CNTL.I_DRE_CNTL_FIFO/sig_wr_fifo                                                                         |                                                                                                                                                                           |                2 |              6 |
|  MainDesign_i/clk_wiz_0/inst/clk_out1             |                                                                                                                                                                                                                                                  | MainDesign_i/zed_hdmi_display/v_axi4s_vid_out_0/inst/n_0_in_de_mux_i_1                                                                                                    |                6 |              6 |
|  MainDesign_i/processing_system7_0/inst/FCLK_CLK0 | MainDesign_i/zed_hdmi_display/axi_vdma_0/U0/AXI_LITE_REG_INTERFACE_I/GEN_AXI_LITE_IF.AXI_LITE_IF_I/sig_arvalid_detected                                                                                                                          |                                                                                                                                                                           |                1 |              6 |
|  MainDesign_i/processing_system7_0/inst/FCLK_CLK0 |                                                                                                                                                                                                                                                  | MainDesign_i/zed_hdmi_iic_0/U0/X_IIC/Tx_fifo_rst                                                                                                                          |                4 |              6 |
|  MainDesign_i/processing_system7_0/inst/FCLK_CLK0 | MainDesign_i/zed_hdmi_display/axi_vdma_0/U0/AXI_LITE_REG_INTERFACE_I/GEN_AXI_LITE_IF.AXI_LITE_IF_I/sig_awvalid_detected                                                                                                                          |                                                                                                                                                                           |                3 |              6 |
|  MainDesign_i/processing_system7_0/inst/FCLK_CLK1 | MainDesign_i/zed_hdmi_display/axi_vdma_0/U0/n_0_FSM_onehot_dmacntrl_cs[6]_i_1                                                                                                                                                                    | MainDesign_i/zed_hdmi_display/axi_vdma_0/U0/GEN_SPRT_FOR_MM2S.MM2S_VID_CDC_I/p_0_in                                                                                       |                3 |              6 |
|  MainDesign_i/processing_system7_0/inst/FCLK_CLK0 |                                                                                                                                                                                                                                                  | MainDesign_i/zed_hdmi_iic_0/U0/X_IIC/X_AXI_IPIF_SSP1/AXI_Bus2IP_Reset                                                                                                     |                2 |              6 |
|  MainDesign_i/processing_system7_0/inst/FCLK_CLK0 |                                                                                                                                                                                                                                                  | MainDesign_i/zed_hdmi_display/v_tc_0/U0/obsn2pxgzhumx0nx0152ioso3r34x1g4r4wmo4rvuze0r5cdmtxm5l3tpi5lgozj5lh2ioh5tl2igb                                                    |                1 |              6 |
|  MainDesign_i/processing_system7_0/inst/FCLK_CLK0 | MainDesign_i/proc_sys_reset/U0/SEQ/seq_cnt_en                                                                                                                                                                                                    | MainDesign_i/proc_sys_reset/U0/clear                                                                                                                                      |                1 |              6 |
|  MainDesign_i/processing_system7_0/inst/FCLK_CLK1 | MainDesign_i/zed_hdmi_display/axi_vdma_0/U0/n_0_count[6]_i_1                                                                                                                                                                                     | MainDesign_i/zed_hdmi_display/axi_vdma_0/U0/I_PRMRY_DATAMOVER/GEN_MM2S_FULL.I_MM2S_FULL_WRAPPER/sig_stream_rst                                                            |                2 |              7 |
|  MainDesign_i/processing_system7_0/inst/FCLK_CLK0 | MainDesign_i/zed_hdmi_iic_0/U0/n_0_adr_i[0]_i_1                                                                                                                                                                                                  | MainDesign_i/zed_hdmi_iic_0/U0/n_0_ip_irpt_enable_reg[7]_i_1                                                                                                              |                2 |              7 |
|  MainDesign_i/processing_system7_0/inst/FCLK_CLK0 | MainDesign_i/zed_hdmi_iic_0/U0/n_0_FSM_onehot_state[6]_i_2                                                                                                                                                                                       | MainDesign_i/zed_hdmi_iic_0/U0/n_0_FSM_onehot_state[6]_i_1                                                                                                                |                2 |              7 |
|  MainDesign_i/clk_wiz_0/inst/clk_out1             |                                                                                                                                                                                                                                                  | MainDesign_i/zed_hdmi_display/v_tc_0/U0/obsnirciit                                                                                                                        |                3 |              8 |
|  MainDesign_i/processing_system7_0/inst/FCLK_CLK0 | MainDesign_i/zed_hdmi_iic_0/U0/n_0_ip_irpt_enable_reg[7]_i_2                                                                                                                                                                                     | MainDesign_i/zed_hdmi_iic_0/U0/n_0_ip_irpt_enable_reg[7]_i_1                                                                                                              |                3 |              8 |
|  MainDesign_i/processing_system7_0/inst/FCLK_CLK1 | MainDesign_i/zed_hdmi_display/axi_vdma_0/U0/mm2s_axi2ip_wrce[0]                                                                                                                                                                                  | MainDesign_i/zed_hdmi_display/axi_vdma_0/U0/GEN_SPRT_FOR_MM2S.MM2S_VID_CDC_I/p_0_in                                                                                       |                3 |              8 |
|  MainDesign_i/processing_system7_0/inst/FCLK_CLK0 | MainDesign_i/zed_hdmi_iic_0/U0/n_0_Addr_Counters[0].MUXCY_L_I_i_2__1                                                                                                                                                                             |                                                                                                                                                                           |                1 |              8 |
|  MainDesign_i/processing_system7_0/inst/FCLK_CLK0 | MainDesign_i/zed_hdmi_iic_0/U0/n_0_rdByteCntr[0]_i_1                                                                                                                                                                                             | MainDesign_i/zed_hdmi_iic_0/U0/X_IIC/Tx_fifo_rst                                                                                                                          |                3 |              8 |
|  MainDesign_i/processing_system7_0/inst/FCLK_CLK0 | MainDesign_i/zed_hdmi_iic_0/U0/X_IIC/IIC_CONTROL_I/data_i2c_i0                                                                                                                                                                                   | MainDesign_i/zed_hdmi_iic_0/U0/X_IIC/IIC_CONTROL_I/detect_start1                                                                                                          |                1 |              8 |
|  MainDesign_i/processing_system7_0/inst/FCLK_CLK0 | MainDesign_i/zed_hdmi_iic_0/U0/n_0_Addr_Counters[0].MUXCY_L_I_i_2__0                                                                                                                                                                             |                                                                                                                                                                           |                1 |              8 |
|  MainDesign_i/processing_system7_0/inst/FCLK_CLK1 | MainDesign_i/zed_hdmi_display/axi_vdma_0/U0/n_0_cmnds_queued[7]_i_2                                                                                                                                                                              | MainDesign_i/zed_hdmi_display/axi_vdma_0/U0/GEN_SPRT_FOR_MM2S.I_MM2S_DMA_MNGR/I_SM/cmnds_queued0                                                                          |                2 |              8 |
|  MainDesign_i/processing_system7_0/inst/FCLK_CLK0 | MainDesign_i/zed_hdmi_iic_0/U0/X_IIC/IIC_CONTROL_I/i2c_header_en                                                                                                                                                                                 | MainDesign_i/zed_hdmi_iic_0/U0/X_IIC/IIC_CONTROL_I/detect_start1                                                                                                          |                3 |              8 |
|  MainDesign_i/processing_system7_0/inst/FCLK_CLK0 | MainDesign_i/zed_hdmi_iic_0/U0/n_0_data_int[7]_i_1                                                                                                                                                                                               | MainDesign_i/zed_hdmi_iic_0/U0/X_IIC/IIC_CONTROL_I/detect_start1                                                                                                          |                1 |              8 |
|  MainDesign_i/processing_system7_0/inst/FCLK_CLK1 | MainDesign_i/zed_hdmi_display/v_cresample_0/U0/intc_if[0]                                                                                                                                                                                        | MainDesign_i/zed_hdmi_display/v_cresample_0/U0/obsig5tl2lkdad2oke52kgq5yur4eptd                                                                                           |                3 |              8 |
|  MainDesign_i/processing_system7_0/inst/FCLK_CLK0 |                                                                                                                                                                                                                                                  | MainDesign_i/zed_hdmi_display/v_tc_0/U0/obsi2pxgzhumx0nx0152ioso3r34x1g4r4wmo4rvuze0r5cdmtxm5l3tpi5lgozj5lh2iowpw05e20h0jx1ze0xqumo54ehd5zz4hfcd                          |                2 |              8 |
|  MainDesign_i/processing_system7_0/inst/FCLK_CLK1 | MainDesign_i/zed_hdmi_display/axi_vdma_0/U0/n_0_sig_dbeat_cntr[7]_i_1                                                                                                                                                                            | MainDesign_i/zed_hdmi_display/axi_vdma_0/U0/I_PRMRY_DATAMOVER/GEN_MM2S_FULL.I_MM2S_FULL_WRAPPER/sig_stream_rst                                                            |                2 |              8 |
|  MainDesign_i/processing_system7_0/inst/FCLK_CLK0 | MainDesign_i/processing_system7_0_axi_periph/s00_couplers/auto_pc/inst/gen_axilite.gen_b2s_conv.axilite_b2s/WR.b_channel_0/mhandshake_r                                                                                                          | MainDesign_i/processing_system7_0_axi_periph/s00_couplers/auto_pc/inst/gen_axilite.gen_b2s_conv.axilite_b2s/WR.b_channel_0/s_bresp_acc0                                   |                2 |              8 |
|  MainDesign_i/processing_system7_0/inst/FCLK_CLK1 | MainDesign_i/zed_hdmi_display/v_cresample_0/U0/obsig5tl3gazshedb5yunb5rjd2i5gd                                                                                                                                                                   |                                                                                                                                                                           |                1 |              8 |
|  MainDesign_i/processing_system7_0/inst/FCLK_CLK0 |                                                                                                                                                                                                                                                  | MainDesign_i/processing_system7_0_axi_periph/s00_couplers/auto_pc/n_0_areset_d1_i_1                                                                                       |                4 |              8 |
|  MainDesign_i/processing_system7_0/inst/FCLK_CLK1 | MainDesign_i/zed_hdmi_display/v_cresample_0/U0/obsag5tl3gazsgqvcdp2kgq5yur4eptd                                                                                                                                                                  |                                                                                                                                                                           |                2 |              8 |
|  MainDesign_i/processing_system7_0/inst/FCLK_CLK1 | MainDesign_i/zed_hdmi_display/axi_vdma_0/U0/I_PRMRY_DATAMOVER/GEN_MM2S_FULL.I_MM2S_FULL_WRAPPER/GEN_INCLUDE_MM2S_DRE.I_DRE_16_to_64/p_16_out                                                                                                     | MainDesign_i/zed_hdmi_display/axi_vdma_0/U0/n_0_GEN_OUTPUT_REG[3].sig_output_data_reg[3][8]_i_1                                                                           |                4 |              9 |
|  MainDesign_i/processing_system7_0/inst/FCLK_CLK1 | MainDesign_i/zed_hdmi_display/axi_vdma_0/U0/I_PRMRY_DATAMOVER/GEN_MM2S_FULL.I_MM2S_FULL_WRAPPER/GEN_INCLUDE_MM2S_DRE.I_DRE_16_to_64/p_20_out                                                                                                     | MainDesign_i/zed_hdmi_display/axi_vdma_0/U0/n_0_GEN_OUTPUT_REG[2].sig_output_data_reg[2][8]_i_1                                                                           |                4 |              9 |
|  MainDesign_i/processing_system7_0/inst/FCLK_CLK1 | MainDesign_i/zed_hdmi_display/axi_vdma_0/U0/I_PRMRY_DATAMOVER/GEN_MM2S_FULL.I_MM2S_FULL_WRAPPER/GEN_INCLUDE_MM2S_DRE.I_DRE_16_to_64/p_24_out                                                                                                     | MainDesign_i/zed_hdmi_display/axi_vdma_0/U0/n_0_GEN_OUTPUT_REG[1].sig_output_data_reg[1][8]_i_1                                                                           |                4 |              9 |
|  MainDesign_i/processing_system7_0/inst/FCLK_CLK0 |                                                                                                                                                                                                                                                  | MainDesign_i/processing_system7_0_axi_periph/xbar/inst/gen_sasd.crossbar_sasd_0/reset                                                                                     |                3 |              9 |
|  MainDesign_i/processing_system7_0/inst/FCLK_CLK1 | MainDesign_i/zed_hdmi_display/v_cresample_0/U0/obsn2pxgzhumx0nx0152iocfizz5cdi3mtn5yq2w                                                                                                                                                          | MainDesign_i/zed_hdmi_display/v_cresample_0/U0/obsfg5tl3y5onspizpu1pvx5yq2ekrtt4egr0zg15rbyey5eiqg                                                                        |                2 |              9 |
|  MainDesign_i/processing_system7_0/inst/FCLK_CLK0 | MainDesign_i/zed_hdmi_iic_0/U0/n_0_FSM_onehot_scl_state[8]_i_2                                                                                                                                                                                   | MainDesign_i/zed_hdmi_iic_0/U0/X_IIC/IIC_CONTROL_I/detect_start1                                                                                                          |                5 |              9 |
|  MainDesign_i/processing_system7_0/inst/FCLK_CLK1 | MainDesign_i/zed_hdmi_display/axi_vdma_0/U0/I_PRMRY_DATAMOVER/GEN_MM2S_FULL.I_MM2S_FULL_WRAPPER/GEN_INCLUDE_MM2S_DRE.I_DRE_16_to_64/p_28_out                                                                                                     | MainDesign_i/zed_hdmi_display/axi_vdma_0/U0/n_0_GEN_OUTPUT_REG[0].sig_output_data_reg[0][8]_i_1                                                                           |                3 |              9 |
|  MainDesign_i/processing_system7_0/inst/FCLK_CLK1 | MainDesign_i/zed_hdmi_display/axi_mem_intercon/s00_couplers/auto_pc/n_0_gc0.count_d1[4]_i_1                                                                                                                                                      | MainDesign_i/zed_hdmi_display/axi_mem_intercon/s00_couplers/auto_pc/RD_RST                                                                                                |                2 |             10 |
|  MainDesign_i/processing_system7_0/inst/FCLK_CLK1 | MainDesign_i/zed_hdmi_display/axi_vdma_0/U0/I_PRMRY_DATAMOVER/GEN_MM2S_FULL.I_MM2S_FULL_WRAPPER/GEN_INCLUDE_MM2S_DRE.I_DRE_16_to_64/p_52_out                                                                                                     | MainDesign_i/zed_hdmi_display/axi_vdma_0/U0/I_PRMRY_DATAMOVER/GEN_MM2S_FULL.I_MM2S_FULL_WRAPPER/GEN_INCLUDE_MM2S_DRE.I_DRE_16_to_64/p_12_out                              |                2 |             10 |
|  MainDesign_i/processing_system7_0/inst/FCLK_CLK1 | MainDesign_i/zed_hdmi_display/axi_vdma_0/U0/I_PRMRY_DATAMOVER/GEN_MM2S_FULL.I_MM2S_FULL_WRAPPER/GEN_INCLUDE_MM2S_DRE.I_DRE_16_to_64/p_48_out                                                                                                     | MainDesign_i/zed_hdmi_display/axi_vdma_0/U0/I_PRMRY_DATAMOVER/GEN_MM2S_FULL.I_MM2S_FULL_WRAPPER/GEN_INCLUDE_MM2S_DRE.I_DRE_16_to_64/p_10_out                              |                2 |             10 |
|  MainDesign_i/processing_system7_0/inst/FCLK_CLK1 | MainDesign_i/zed_hdmi_display/axi_vdma_0/U0/I_PRMRY_DATAMOVER/GEN_MM2S_FULL.I_MM2S_FULL_WRAPPER/I_MSTR_PCC/sig_sm_ld_calc1_reg                                                                                                                   | MainDesign_i/zed_hdmi_display/axi_vdma_0/U0/I_PRMRY_DATAMOVER/GEN_MM2S_FULL.I_MM2S_FULL_WRAPPER/GEN_INCLUDE_MM2S_SF.I_RD_SF/INCLUDE_DRE_CNTL.I_DRE_CNTL_FIFO/sig_init_reg |                5 |             10 |
|  MainDesign_i/processing_system7_0/inst/FCLK_CLK1 | MainDesign_i/zed_hdmi_display/axi_vdma_0/U0/I_PRMRY_DATAMOVER/GEN_MM2S_FULL.I_MM2S_FULL_WRAPPER/GEN_INCLUDE_MM2S_DRE.I_DRE_16_to_64/p_55_out                                                                                                     | MainDesign_i/zed_hdmi_display/axi_vdma_0/U0/I_PRMRY_DATAMOVER/GEN_MM2S_FULL.I_MM2S_FULL_WRAPPER/GEN_INCLUDE_MM2S_DRE.I_DRE_16_to_64/p_15_out                              |                3 |             10 |
|  MainDesign_i/processing_system7_0/inst/FCLK_CLK1 | MainDesign_i/zed_hdmi_display/axi_vdma_0/U0/I_PRMRY_DATAMOVER/GEN_MM2S_FULL.I_MM2S_FULL_WRAPPER/GEN_INCLUDE_MM2S_DRE.I_DRE_16_to_64/p_44_out                                                                                                     | MainDesign_i/zed_hdmi_display/axi_vdma_0/U0/I_PRMRY_DATAMOVER/GEN_MM2S_FULL.I_MM2S_FULL_WRAPPER/GEN_INCLUDE_MM2S_DRE.I_DRE_16_to_64/p_8_out                               |                2 |             10 |
|  MainDesign_i/processing_system7_0/inst/FCLK_CLK1 | MainDesign_i/zed_hdmi_display/axi_mem_intercon/s00_couplers/auto_pc/inst/gen_axi4_axi3.axi3_conv_inst/USE_READ.USE_SPLIT_R.read_addr_inst/USE_R_CHANNEL.cmd_queue/inst/fifo_gen_inst/inst_fifo_gen/gconvfifo.rf/grf.rf/p_3_out                   | MainDesign_i/zed_hdmi_display/axi_mem_intercon/s00_couplers/auto_pc/RST                                                                                                   |                2 |             10 |
|  MainDesign_i/processing_system7_0/inst/FCLK_CLK1 | MainDesign_i/zed_hdmi_display/axi_vdma_0/U0/I_PRMRY_DATAMOVER/GEN_MM2S_FULL.I_MM2S_FULL_WRAPPER/GEN_INCLUDE_MM2S_DRE.I_DRE_16_to_64/p_40_out                                                                                                     | MainDesign_i/zed_hdmi_display/axi_vdma_0/U0/n_0_GEN_DELAY_REG[0].sig_delay_data_reg[0][9]_i_1                                                                             |                5 |             10 |
|  MainDesign_i/processing_system7_0/inst/FCLK_CLK1 | MainDesign_i/zed_hdmi_display/axi_vdma_0/U0/I_PRMRY_DATAMOVER/GEN_MM2S_FULL.I_MM2S_FULL_WRAPPER/GEN_INCLUDE_MM2S_DRE.I_DRE_16_to_64/p_36_out                                                                                                     | MainDesign_i/zed_hdmi_display/axi_vdma_0/U0/n_0_GEN_DELAY_REG[1].sig_delay_data_reg[1][9]_i_1                                                                             |                3 |             10 |
|  MainDesign_i/processing_system7_0/inst/FCLK_CLK1 | MainDesign_i/zed_hdmi_display/axi_vdma_0/U0/I_PRMRY_DATAMOVER/GEN_MM2S_FULL.I_MM2S_FULL_WRAPPER/GEN_INCLUDE_MM2S_DRE.I_DRE_16_to_64/p_32_out                                                                                                     | MainDesign_i/zed_hdmi_display/axi_vdma_0/U0/n_0_GEN_DELAY_REG[2].sig_delay_data_reg[2][9]_i_1                                                                             |                3 |             10 |
|  MainDesign_i/processing_system7_0/inst/FCLK_CLK0 | MainDesign_i/zed_hdmi_iic_0/U0/n_0_q_int[0]_i_1__0                                                                                                                                                                                               | MainDesign_i/zed_hdmi_iic_0/U0/X_IIC/IIC_CONTROL_I/detect_start1                                                                                                          |                3 |             10 |
|  MainDesign_i/processing_system7_0/inst/FCLK_CLK0 | MainDesign_i/zed_hdmi_iic_0/U0/n_0_q_int[0]_i_1                                                                                                                                                                                                  | MainDesign_i/zed_hdmi_iic_0/U0/X_IIC/IIC_CONTROL_I/detect_start1                                                                                                          |                2 |             10 |
|  MainDesign_i/clk_wiz_0/inst/clk_out1             |                                                                                                                                                                                                                                                  | MainDesign_i/zed_hdmi_display/v_axi4s_vid_out_0/inst/out_sync_i/count_reset                                                                                               |                2 |             10 |
|  MainDesign_i/processing_system7_0/inst/FCLK_CLK0 | MainDesign_i/zed_hdmi_iic_0/U0/n_0_timing_param_tsusta_i[9]_i_1                                                                                                                                                                                  | MainDesign_i/zed_hdmi_iic_0/U0/n_0_ip_irpt_enable_reg[7]_i_1                                                                                                              |                3 |             10 |
|  MainDesign_i/processing_system7_0/inst/FCLK_CLK0 | MainDesign_i/zed_hdmi_iic_0/U0/n_0_timing_param_tsudat_i[9]_i_1                                                                                                                                                                                  | MainDesign_i/zed_hdmi_iic_0/U0/n_0_ip_irpt_enable_reg[7]_i_1                                                                                                              |                6 |             10 |
|  MainDesign_i/processing_system7_0/inst/FCLK_CLK0 | MainDesign_i/zed_hdmi_iic_0/U0/n_0_timing_param_tsusto_i[9]_i_1                                                                                                                                                                                  | MainDesign_i/zed_hdmi_iic_0/U0/n_0_ip_irpt_enable_reg[7]_i_1                                                                                                              |                4 |             10 |
|  MainDesign_i/processing_system7_0/inst/FCLK_CLK0 | MainDesign_i/zed_hdmi_iic_0/U0/n_0_timing_param_thdsta_i[9]_i_1                                                                                                                                                                                  | MainDesign_i/zed_hdmi_iic_0/U0/n_0_ip_irpt_enable_reg[7]_i_1                                                                                                              |                4 |             10 |
|  MainDesign_i/processing_system7_0/inst/FCLK_CLK0 | MainDesign_i/zed_hdmi_iic_0/U0/n_0_timing_param_thddat_i[9]_i_1                                                                                                                                                                                  | MainDesign_i/zed_hdmi_iic_0/U0/n_0_ip_irpt_enable_reg[7]_i_1                                                                                                              |                3 |             10 |
|  MainDesign_i/processing_system7_0/inst/FCLK_CLK0 | MainDesign_i/zed_hdmi_iic_0/U0/n_0_timing_param_tbuf_i[9]_i_1                                                                                                                                                                                    | MainDesign_i/zed_hdmi_iic_0/U0/n_0_ip_irpt_enable_reg[7]_i_1                                                                                                              |                4 |             10 |
|  MainDesign_i/processing_system7_0/inst/FCLK_CLK0 | MainDesign_i/zed_hdmi_iic_0/U0/n_0_timing_param_tlow_i[9]_i_1                                                                                                                                                                                    | MainDesign_i/zed_hdmi_iic_0/U0/n_0_ip_irpt_enable_reg[7]_i_1                                                                                                              |                2 |             10 |
|  MainDesign_i/processing_system7_0/inst/FCLK_CLK0 | MainDesign_i/zed_hdmi_iic_0/U0/n_0_timing_param_thigh_i[9]_i_1                                                                                                                                                                                   | MainDesign_i/zed_hdmi_iic_0/U0/n_0_ip_irpt_enable_reg[7]_i_1                                                                                                              |                2 |             10 |
|  MainDesign_i/processing_system7_0/inst/FCLK_CLK1 | MainDesign_i/zed_hdmi_display/v_axi4s_vid_out_0/inst/out_coupler_i/bridge_async_fifo_2_i/ce_rd_ptr_wr_dom                                                                                                                                        | MainDesign_i/zed_hdmi_display/v_axi4s_vid_out_0/inst/out_coupler_i/bridge_async_fifo_2_i/rst_wr_2                                                                         |                3 |             11 |
|  MainDesign_i/clk_wiz_0/inst/clk_out1             |                                                                                                                                                                                                                                                  | MainDesign_i/zed_hdmi_display/v_tc_0/U0/obsng5tl3e31d13pwn3d3my33dljsjvd4egvseqtcpqaek5bdp2i5gd                                                                           |                2 |             11 |
|  MainDesign_i/clk_wiz_0/inst/clk_out1             | MainDesign_i/zed_hdmi_display/v_axi4s_vid_out_0/inst/out_coupler_i/bridge_async_fifo_2_i/ce_rd_ptr_sample                                                                                                                                        | MainDesign_i/zed_hdmi_display/v_axi4s_vid_out_0/inst/out_coupler_i/bridge_async_fifo_2_i/rst_rd_2                                                                         |                3 |             11 |
|  MainDesign_i/processing_system7_0/inst/FCLK_CLK0 | MainDesign_i/processing_system7_0_axi_periph/s00_couplers/auto_pc/n_0_axaddr_wrap[11]_i_1                                                                                                                                                        |                                                                                                                                                                           |                3 |             12 |
|  MainDesign_i/processing_system7_0/inst/FCLK_CLK0 | MainDesign_i/processing_system7_0_axi_periph/s00_couplers/auto_pc/n_0_wrap_boundary_axaddr_r[11]_i_1                                                                                                                                             |                                                                                                                                                                           |                5 |             12 |
|  MainDesign_i/processing_system7_0/inst/FCLK_CLK0 | MainDesign_i/processing_system7_0_axi_periph/s00_couplers/auto_pc/n_0_axaddr_wrap[11]_i_1__0                                                                                                                                                     |                                                                                                                                                                           |                3 |             12 |
|  MainDesign_i/processing_system7_0/inst/FCLK_CLK0 | MainDesign_i/processing_system7_0_axi_periph/s00_couplers/auto_pc/n_0_wrap_boundary_axaddr_r[11]_i_1__0                                                                                                                                          |                                                                                                                                                                           |                4 |             12 |
|  MainDesign_i/clk_wiz_0/inst/clk_out1             | MainDesign_i/zed_hdmi_display/v_tc_0/U0/obsig5tl2v5arzinj5yum05rjd2i5ha                                                                                                                                                                          | MainDesign_i/zed_hdmi_display/v_tc_0/U0/obsi2pw4n412wp4ehkvdd4vkggrvsn4ll5cdpd3xtpvkrr5rbzl4bdsq0tna                                                                      |                3 |             12 |
|  MainDesign_i/clk_wiz_0/inst/clk_out1             | MainDesign_i/zed_hdmi_display/v_axi4s_vid_out_0/inst/n_0_rd_ptr[0]_i_1                                                                                                                                                                           | MainDesign_i/zed_hdmi_display/v_axi4s_vid_out_0/inst/out_coupler_i/bridge_async_fifo_2_i/rst_rd_2                                                                         |                3 |             12 |
|  MainDesign_i/processing_system7_0/inst/FCLK_CLK0 | MainDesign_i/processing_system7_0_axi_periph/s00_couplers/auto_pc/n_0_axaddr_incr[0]_i_1__0                                                                                                                                                      |                                                                                                                                                                           |                3 |             12 |
|  MainDesign_i/processing_system7_0/inst/FCLK_CLK0 | MainDesign_i/processing_system7_0_axi_periph/s00_couplers/auto_pc/n_0_axaddr_incr[0]_i_1                                                                                                                                                         |                                                                                                                                                                           |                3 |             12 |
|  MainDesign_i/clk_wiz_0/inst/clk_out1             | MainDesign_i/zed_hdmi_display/v_axi4s_vid_out_0/inst/vtg_ce                                                                                                                                                                                      | MainDesign_i/zed_hdmi_display/v_tc_0/U0/obsa2pw4n412wp4ehkvdd4vkggrvsn4ll5cdpd3xtpvkrr5rbyp4bdsq0tna                                                                      |                3 |             12 |
|  MainDesign_i/clk_wiz_0/inst/clk_out1             | MainDesign_i/zed_hdmi_display/v_axi4s_vid_out_0/inst/out_coupler_i/bridge_async_fifo_2_i/ce_wr_ptr_rd_dom                                                                                                                                        | MainDesign_i/zed_hdmi_display/v_axi4s_vid_out_0/inst/out_coupler_i/bridge_async_fifo_2_i/rst_rd_2                                                                         |                3 |             12 |
|  MainDesign_i/processing_system7_0/inst/FCLK_CLK1 | MainDesign_i/zed_hdmi_display/v_axi4s_vid_out_0/inst/n_0_wr_ptr[0]_i_1                                                                                                                                                                           | MainDesign_i/zed_hdmi_display/v_axi4s_vid_out_0/inst/out_coupler_i/bridge_async_fifo_2_i/rst_wr_2                                                                         |                3 |             12 |
|  MainDesign_i/processing_system7_0/inst/FCLK_CLK0 | MainDesign_i/zed_hdmi_iic_0/U0/n_0_s_axi_rdata_i[31]_i_1                                                                                                                                                                                         | MainDesign_i/zed_hdmi_iic_0/U0/X_IIC/X_AXI_IPIF_SSP1/AXI_LITE_IPIF_I/I_SLAVE_ATTACHMENT/rst                                                                               |                6 |             12 |
|  MainDesign_i/processing_system7_0/inst/FCLK_CLK1 |                                                                                                                                                                                                                                                  | MainDesign_i/zed_hdmi_display/axi_vdma_0/U0/n_0_GEN_CDC_FOR_ASYNC.cdc2top_frame_ptr_out[5]_i_1                                                                            |                3 |             12 |
|  MainDesign_i/processing_system7_0/inst/FCLK_CLK1 | MainDesign_i/zed_hdmi_display/v_axi4s_vid_out_0/inst/out_coupler_i/bridge_async_fifo_2_i/ce_wr_ptr_sample                                                                                                                                        | MainDesign_i/zed_hdmi_display/v_axi4s_vid_out_0/inst/out_coupler_i/bridge_async_fifo_2_i/rst_wr_2                                                                         |                4 |             12 |
|  MainDesign_i/processing_system7_0/inst/FCLK_CLK1 | MainDesign_i/zed_hdmi_display/v_rgb2ycrcb_0/U0/obsig5tl2rhfxyenj5yum05rjd2i5ha                                                                                                                                                                   | MainDesign_i/zed_hdmi_display/v_rgb2ycrcb_0/U0/obsng5tl2rhfxyenj5yum05rjd2i5gd                                                                                            |                4 |             13 |
|  MainDesign_i/processing_system7_0/inst/FCLK_CLK1 | MainDesign_i/zed_hdmi_display/axi_vdma_0/U0/n_0_GEN_LINEBUF_NO_SOF.vsize_counter[0]_i_2                                                                                                                                                          | MainDesign_i/zed_hdmi_display/axi_vdma_0/U0/n_0_GEN_LINEBUF_NO_SOF.vsize_counter[0]_i_1                                                                                   |                4 |             13 |
|  MainDesign_i/processing_system7_0/inst/FCLK_CLK0 | MainDesign_i/processing_system7_0_axi_periph/s00_couplers/auto_pc/inst/gen_axilite.gen_b2s_conv.axilite_b2s/RD.r_channel_0/r_push_r                                                                                                              |                                                                                                                                                                           |                4 |             13 |
|  MainDesign_i/processing_system7_0/inst/FCLK_CLK1 |                                                                                                                                                                                                                                                  | MainDesign_i/zed_hdmi_display/axi_vdma_0/U0/I_PRMRY_DATAMOVER/GEN_MM2S_FULL.I_MM2S_FULL_WRAPPER/GEN_INCLUDE_MM2S_SF.I_RD_SF/INCLUDE_DRE_CNTL.I_DRE_CNTL_FIFO/sig_init_reg |                7 |             13 |
|  MainDesign_i/processing_system7_0/inst/FCLK_CLK1 | MainDesign_i/zed_hdmi_display/axi_vdma_0/U0/n_0_vert_count[0]_i_1                                                                                                                                                                                | MainDesign_i/zed_hdmi_display/axi_vdma_0/U0/GEN_SPRT_FOR_MM2S.MM2S_VID_CDC_I/p_0_in                                                                                       |                4 |             13 |
|  MainDesign_i/processing_system7_0/inst/FCLK_CLK1 | MainDesign_i/zed_hdmi_display/axi_vdma_0/U0/mm2s_axi2ip_wrce[20]                                                                                                                                                                                 | MainDesign_i/zed_hdmi_display/axi_vdma_0/U0/GEN_SPRT_FOR_MM2S.MM2S_VID_CDC_I/p_0_in                                                                                       |                5 |             13 |
|  MainDesign_i/processing_system7_0/inst/FCLK_CLK1 | MainDesign_i/zed_hdmi_display/v_cresample_0/U0/obsig5tl2rhfxyenj5yum05rjd2i5ha                                                                                                                                                                   | MainDesign_i/zed_hdmi_display/v_cresample_0/U0/obsng5tl2rhfxyenj5yum05rjd2i5gd                                                                                            |                4 |             13 |
|  MainDesign_i/processing_system7_0/inst/FCLK_CLK0 | MainDesign_i/processing_system7_0_axi_periph/s00_couplers/auto_pc/inst/gen_axilite.gen_b2s_conv.axilite_b2s/si_rs_bready                                                                                                                         |                                                                                                                                                                           |                4 |             14 |
|  MainDesign_i/processing_system7_0/inst/FCLK_CLK0 | MainDesign_i/processing_system7_0_axi_periph/s00_couplers/auto_pc/inst/gen_axilite.gen_b2s_conv.axilite_b2s/SI_REG/b_pipe/p_1_in                                                                                                                 |                                                                                                                                                                           |                3 |             14 |
|  MainDesign_i/processing_system7_0/inst/FCLK_CLK1 | MainDesign_i/zed_hdmi_display/axi_vdma_0/U0/I_PRMRY_DATAMOVER/GEN_MM2S_FULL.I_MM2S_FULL_WRAPPER/GEN_INCLUDE_MM2S_SF.I_RD_SF/I_DATA_FIFO/BLK_MEM.I_SYNC_FIFOGEN_FIFO/FAMILY_SUPPORTED.I_SYNC_FIFO_BRAM/inst_fifo_gen/gconvfifo.rf/grf.rf/p_3_out  | MainDesign_i/zed_hdmi_display/axi_vdma_0/U0/I_PRMRY_DATAMOVER/GEN_MM2S_FULL.I_MM2S_FULL_WRAPPER/sig_stream_rst                                                            |                3 |             14 |
|  MainDesign_i/processing_system7_0/inst/FCLK_CLK1 |                                                                                                                                                                                                                                                  | MainDesign_i/zed_hdmi_display/v_axi4s_vid_out_0/inst/out_coupler_i/bridge_async_fifo_2_i/rst_wr_2                                                                         |                5 |             15 |
|  MainDesign_i/processing_system7_0/inst/FCLK_CLK1 | MainDesign_i/zed_hdmi_display/v_cresample_0/U0/obsig5tl2laesp2ci5yunb5rjd2i5gd                                                                                                                                                                   |                                                                                                                                                                           |                5 |             16 |
|  MainDesign_i/clk_wiz_0/inst/clk_out1             | MainDesign_i/zed_hdmi_display/v_axi4s_vid_out_0/inst/fifo_rd_en                                                                                                                                                                                  | MainDesign_i/zed_hdmi_display/v_axi4s_vid_out_0/inst/n_0_in_de_mux_i_1                                                                                                    |                3 |             16 |
|  MainDesign_i/processing_system7_0/inst/FCLK_CLK1 | MainDesign_i/zed_hdmi_display/axi_vdma_0/U0/mm2s_axi2ip_wrce[21]                                                                                                                                                                                 | MainDesign_i/zed_hdmi_display/axi_vdma_0/U0/GEN_SPRT_FOR_MM2S.MM2S_VID_CDC_I/p_0_in                                                                                       |                6 |             16 |
|  MainDesign_i/clk_wiz_0/inst/clk_out1             |                                                                                                                                                                                                                                                  | MainDesign_i/zed_hdmi_display/v_axi4s_vid_out_0/inst/out_coupler_i/bridge_async_fifo_2_i/rst_rd_2                                                                         |                6 |             16 |
|  MainDesign_i/processing_system7_0/inst/FCLK_CLK1 | MainDesign_i/zed_hdmi_display/axi_vdma_0/U0/n_0_sig_btt_cntr_im0[15]_i_1                                                                                                                                                                         | MainDesign_i/zed_hdmi_display/axi_vdma_0/U0/I_PRMRY_DATAMOVER/GEN_MM2S_FULL.I_MM2S_FULL_WRAPPER/GEN_INCLUDE_MM2S_SF.I_RD_SF/INCLUDE_DRE_CNTL.I_DRE_CNTL_FIFO/sig_init_reg |                7 |             16 |
|  MainDesign_i/processing_system7_0/inst/FCLK_CLK1 | MainDesign_i/zed_hdmi_display/axi_vdma_0/U0/n_0_sig_addr_cntr_im0_msh[0]_i_1                                                                                                                                                                     | MainDesign_i/zed_hdmi_display/axi_vdma_0/U0/I_PRMRY_DATAMOVER/GEN_MM2S_FULL.I_MM2S_FULL_WRAPPER/GEN_INCLUDE_MM2S_SF.I_RD_SF/INCLUDE_DRE_CNTL.I_DRE_CNTL_FIFO/sig_init_reg |                4 |             16 |
|  MainDesign_i/processing_system7_0/inst/FCLK_CLK1 | MainDesign_i/zed_hdmi_display/v_cresample_0/U0/obsig5tl2feekjh4bep2kgq5yur4eptd                                                                                                                                                                  |                                                                                                                                                                           |                4 |             16 |
|  MainDesign_i/processing_system7_0/inst/FCLK_CLK1 | MainDesign_i/zed_hdmi_display/axi_vdma_0/U0/mm2s_axi2ip_wrce[22]                                                                                                                                                                                 | MainDesign_i/zed_hdmi_display/axi_vdma_0/U0/GEN_SPRT_FOR_MM2S.MM2S_VID_CDC_I/p_0_in                                                                                       |                5 |             16 |
|  MainDesign_i/processing_system7_0/inst/FCLK_CLK1 | MainDesign_i/zed_hdmi_display/axi_vdma_0/U0/n_0_sig_addr_cntr_lsh_im0[15]_i_1                                                                                                                                                                    | MainDesign_i/zed_hdmi_display/axi_vdma_0/U0/I_PRMRY_DATAMOVER/GEN_MM2S_FULL.I_MM2S_FULL_WRAPPER/GEN_INCLUDE_MM2S_SF.I_RD_SF/INCLUDE_DRE_CNTL.I_DRE_CNTL_FIFO/sig_init_reg |                6 |             16 |
|  MainDesign_i/processing_system7_0/inst/FCLK_CLK1 | MainDesign_i/zed_hdmi_display/axi_vdma_0/U0/I_PRMRY_DATAMOVER/GEN_MM2S_FULL.I_MM2S_FULL_WRAPPER/I_MSTR_PCC/sig_sm_ld_calc2_reg                                                                                                                   | MainDesign_i/zed_hdmi_display/axi_vdma_0/U0/I_PRMRY_DATAMOVER/GEN_MM2S_FULL.I_MM2S_FULL_WRAPPER/GEN_INCLUDE_MM2S_SF.I_RD_SF/INCLUDE_DRE_CNTL.I_DRE_CNTL_FIFO/sig_init_reg |                7 |             19 |
|  MainDesign_i/clk_wiz_0/inst/clk_out1             | MainDesign_i/zed_hdmi_display/v_axi4s_vid_out_0/inst/vtg_ce                                                                                                                                                                                      | MainDesign_i/zed_hdmi_display/v_tc_0/U0/obsi2pw4n412wp4ehkvdd4vkggrvsn4ll5cdpd3xtpvkrr5rby54p5ran                                                                         |                9 |             19 |
|  MainDesign_i/processing_system7_0/inst/FCLK_CLK0 | MainDesign_i/processing_system7_0_axi_periph/s00_couplers/auto_pc/inst/gen_axilite.gen_b2s_conv.axilite_b2s/b_push                                                                                                                               |                                                                                                                                                                           |                3 |             20 |
|  MainDesign_i/processing_system7_0/inst/FCLK_CLK1 | MainDesign_i/zed_hdmi_display/axi_vdma_0/U0/I_PRMRY_DATAMOVER/GEN_MM2S_FULL.I_MM2S_FULL_WRAPPER/I_RD_DATA_CNTL/sig_push_dqual_reg19_out                                                                                                          | MainDesign_i/zed_hdmi_display/axi_vdma_0/U0/n_0_sig_next_cmd_cmplt_reg_i_1                                                                                                |                1 |             20 |
|  MainDesign_i/processing_system7_0/inst/FCLK_CLK1 | MainDesign_i/zed_hdmi_display/axi_vdma_0/U0/I_PRMRY_DATAMOVER/GEN_MM2S_FULL.I_MM2S_FULL_WRAPPER/GEN_INCLUDE_MM2S_SF.I_RD_SF/I_DATA_FIFO/BLK_MEM.I_SYNC_FIFOGEN_FIFO/FAMILY_SUPPORTED.I_SYNC_FIFO_BRAM/inst_fifo_gen/gconvfifo.rf/grf.rf/p_13_out | MainDesign_i/zed_hdmi_display/axi_vdma_0/U0/I_PRMRY_DATAMOVER/GEN_MM2S_FULL.I_MM2S_FULL_WRAPPER/sig_stream_rst                                                            |                5 |             21 |
|  MainDesign_i/processing_system7_0/inst/FCLK_CLK0 | MainDesign_i/zed_hdmi_iic_0/U0/X_IIC/X_AXI_IPIF_SSP1/AXI_LITE_IPIF_I/I_SLAVE_ATTACHMENT/start                                                                                                                                                    | MainDesign_i/zed_hdmi_iic_0/U0/n_0_GEN_BKEND_CE_REGISTERS[34].ce_out_i[34]_i_1                                                                                            |                9 |             22 |
|  MainDesign_i/clk_wiz_0/inst/clk_out1             |                                                                                                                                                                                                                                                  | MainDesign_i/zed_hdmi_display/v_tc_0/U0/obsng5tl3kump1pvukh2invkgh3f0zggnl5riz55csh2invkgh3q2o51livpyq0daeyd2oke5zcedpyum55rjd4fdheh4feprd215ptc                          |                8 |             24 |
|  MainDesign_i/processing_system7_0/inst/FCLK_CLK1 | MainDesign_i/zed_hdmi_display/v_cresample_0/U0/obsfbeireagdzmj4jtr52igusp4ehac2r4hfcp2febj14ehoglnh5jhozw5nxtdg5knsts5rbyyegg52ioh5tl2igb                                                                                                        |                                                                                                                                                                           |                1 |             24 |
|  MainDesign_i/processing_system7_0/inst/FCLK_CLK0 | MainDesign_i/processing_system7_0_axi_periph/xbar/inst/gen_sasd.crossbar_sasd_0/addr_arbiter_inst/p_0_in1_in                                                                                                                                     | MainDesign_i/processing_system7_0_axi_periph/xbar/inst/gen_sasd.crossbar_sasd_0/reset                                                                                     |                9 |             25 |
|  MainDesign_i/clk_wiz_0/inst/clk_out1             |                                                                                                                                                                                                                                                  | MainDesign_i/zed_hdmi_display/v_tc_0/U0/obsn2pxgzhumx0nx0152ioedzal4saynb[2]                                                                                              |               15 |             26 |
|  MainDesign_i/processing_system7_0/inst/FCLK_CLK0 |                                                                                                                                                                                                                                                  | MainDesign_i/zed_hdmi_iic_0/U0/X_IIC/IIC_CONTROL_I/detect_start1                                                                                                          |                9 |             28 |
|  MainDesign_i/processing_system7_0/inst/FCLK_CLK1 | MainDesign_i/zed_hdmi_display/axi_vdma_0/U0/I_PRMRY_DATAMOVER/GEN_MM2S_FULL.I_MM2S_FULL_WRAPPER/I_RD_DATA_CNTL/GEN_DATA_CNTL_FIFO.I_DATA_CNTL_FIFO/sig_wr_fifo                                                                                   |                                                                                                                                                                           |                4 |             28 |
|  MainDesign_i/processing_system7_0/inst/FCLK_CLK1 |                                                                                                                                                                                                                                                  | MainDesign_i/zed_hdmi_display/axi_vdma_0/U0/I_PRMRY_DATAMOVER/GEN_MM2S_FULL.I_MM2S_FULL_WRAPPER/sig_stream_rst                                                            |               12 |             31 |
|  MainDesign_i/processing_system7_0/inst/FCLK_CLK1 | MainDesign_i/zed_hdmi_display/axi_vdma_0/U0/mm2s_axi2ip_wrce[25]                                                                                                                                                                                 | MainDesign_i/zed_hdmi_display/axi_vdma_0/U0/GEN_SPRT_FOR_MM2S.MM2S_VID_CDC_I/p_0_in                                                                                       |               11 |             32 |
|  MainDesign_i/processing_system7_0/inst/FCLK_CLK1 | MainDesign_i/zed_hdmi_display/axi_vdma_0/U0/mm2s_axi2ip_wrce[24]                                                                                                                                                                                 | MainDesign_i/zed_hdmi_display/axi_vdma_0/U0/GEN_SPRT_FOR_MM2S.MM2S_VID_CDC_I/p_0_in                                                                                       |               13 |             32 |
|  MainDesign_i/processing_system7_0/inst/FCLK_CLK1 | MainDesign_i/zed_hdmi_display/axi_vdma_0/U0/mm2s_axi2ip_wrce[23]                                                                                                                                                                                 | MainDesign_i/zed_hdmi_display/axi_vdma_0/U0/GEN_SPRT_FOR_MM2S.MM2S_VID_CDC_I/p_0_in                                                                                       |               14 |             32 |
|  MainDesign_i/processing_system7_0/inst/FCLK_CLK1 | MainDesign_i/zed_hdmi_display/axi_vdma_0/U0/I_PRMRY_DATAMOVER/GEN_MM2S_FULL.I_MM2S_FULL_WRAPPER/I_MSTR_PCC/sig_sm_ld_calc3_reg                                                                                                                   | MainDesign_i/zed_hdmi_display/axi_vdma_0/U0/I_PRMRY_DATAMOVER/GEN_MM2S_FULL.I_MM2S_FULL_WRAPPER/GEN_INCLUDE_MM2S_SF.I_RD_SF/INCLUDE_DRE_CNTL.I_DRE_CNTL_FIFO/sig_init_reg |               10 |             32 |
|  MainDesign_i/processing_system7_0/inst/FCLK_CLK1 | MainDesign_i/zed_hdmi_display/axi_vdma_0/U0/I_PRMRY_DATAMOVER/GEN_MM2S_FULL.I_MM2S_FULL_WRAPPER/I_MSTR_PCC/sig_push_input_reg12_out                                                                                                              | MainDesign_i/zed_hdmi_display/axi_vdma_0/U0/I_PRMRY_DATAMOVER/GEN_MM2S_FULL.I_MM2S_FULL_WRAPPER/GEN_INCLUDE_MM2S_SF.I_RD_SF/INCLUDE_DRE_CNTL.I_DRE_CNTL_FIFO/sig_init_reg |               11 |             32 |
|  MainDesign_i/processing_system7_0/inst/FCLK_CLK1 | MainDesign_i/zed_hdmi_display/axi_vdma_0/U0/n_0_dm_address[0]_i_1                                                                                                                                                                                | MainDesign_i/zed_hdmi_display/axi_vdma_0/U0/GEN_SPRT_FOR_MM2S.MM2S_VID_CDC_I/p_0_in                                                                                       |                8 |             32 |
|  MainDesign_i/processing_system7_0/inst/FCLK_CLK0 | MainDesign_i/zed_hdmi_display/v_tc_0/U0/obsag5tl2s5ac2r4iqybga5ch2kgow52ki5chzl                                                                                                                                                                  | MainDesign_i/zed_hdmi_display/v_tc_0/U0/obsa2pxgzhumx0nx0152ioso3r34x1g4r4wmo4rvuze0r5cdmtxm5l3tpi5lgozj5lh2iowpw05e20h0jx1ze0xqumo54ehekjd                               |               11 |             33 |
|  MainDesign_i/processing_system7_0/inst/FCLK_CLK1 | MainDesign_i/zed_hdmi_display/axi_mem_intercon/s00_couplers/auto_pc/inst/gen_axi4_axi3.axi3_conv_inst/USE_READ.USE_SPLIT_R.read_addr_inst/pushed_new_cmd                                                                                         | MainDesign_i/zed_hdmi_display/axi_mem_intercon/s00_couplers/auto_pc/n_0_S_AXI_ASIZE_Q[2]_i_1                                                                              |                9 |             33 |
|  MainDesign_i/processing_system7_0/inst/FCLK_CLK0 | MainDesign_i/processing_system7_0_axi_periph/s00_couplers/auto_pc/inst/gen_axilite.gen_b2s_conv.axilite_b2s/RD.r_channel_0/wr_en0                                                                                                                |                                                                                                                                                                           |                9 |             34 |
|  MainDesign_i/processing_system7_0/inst/FCLK_CLK1 | MainDesign_i/zed_hdmi_display/axi_vdma_0/U0/n_0_sig_data_reg_out[31]_i_2                                                                                                                                                                         | MainDesign_i/zed_hdmi_display/axi_vdma_0/U0/GEN_SPRT_FOR_MM2S.MM2S_LINEBUFFER_I/GEN_LINEBUF_NO_SOF.GEN_LINEBUFFER.I_MSTR_SKID/sig_data_reg_out0                           |               13 |             34 |
|  MainDesign_i/processing_system7_0/inst/FCLK_CLK1 | MainDesign_i/zed_hdmi_display/axi_vdma_0/U0/GEN_SPRT_FOR_MM2S.MM2S_LINEBUFFER_I/GEN_LINEBUF_NO_SOF.GEN_LINEBUFFER.I_MSTR_SKID/sig_s_ready_dup                                                                                                    | MainDesign_i/zed_hdmi_display/axi_vdma_0/U0/n_0_sig_reset_reg_i_1                                                                                                         |                8 |             34 |
|  MainDesign_i/processing_system7_0/inst/FCLK_CLK0 | MainDesign_i/processing_system7_0_axi_periph/xbar/inst/gen_sasd.crossbar_sasd_0/reg_slice_r/p_1_in                                                                                                                                               |                                                                                                                                                                           |                9 |             35 |
|  MainDesign_i/processing_system7_0/inst/FCLK_CLK0 | MainDesign_i/processing_system7_0_axi_periph/xbar/inst/gen_sasd.crossbar_sasd_0/aa_rready                                                                                                                                                        |                                                                                                                                                                           |                9 |             35 |
|  MainDesign_i/processing_system7_0/inst/FCLK_CLK1 | MainDesign_i/zed_hdmi_display/v_rgb2ycrcb_0/U0/obsiirqfyybeiid4jtr52igusp4ehac2r4hfcp2febj14ehoglnh5jhozw5nxtdg5knsts5rbyyegg52ioh5tl2igb                                                                                                        |                                                                                                                                                                           |                1 |             40 |
|  MainDesign_i/clk_wiz_0/inst/clk_out1             |                                                                                                                                                                                                                                                  | MainDesign_i/zed_hdmi_display/v_tc_0/U0/obsng5tl3kump0xe1pvtlu5rbuqriprd21                                                                                                |               23 |             41 |
|  MainDesign_i/processing_system7_0/inst/FCLK_CLK0 |                                                                                                                                                                                                                                                  | MainDesign_i/zed_hdmi_iic_0/U0/n_0_ip_irpt_enable_reg[7]_i_1                                                                                                              |               17 |             41 |
|  MainDesign_i/processing_system7_0/inst/FCLK_CLK1 | MainDesign_i/zed_hdmi_display/v_cresample_0/U0/obsabeireagdzmj4jtr52igusp4ehac2r4edpykictx2io2putxm1pw1zrtpvgzjzpyq2mcddp4ehd5zv4edb                                                                                                             |                                                                                                                                                                           |                3 |             44 |
|  MainDesign_i/processing_system7_0/inst/FCLK_CLK1 | MainDesign_i/zed_hdmi_display/v_rgb2ycrcb_0/U0/obsnirqfyybeiid4jtr52igusp4ehac2r4edpykictx2io2putxm1pw1zrtpvgzjzpyq2mcddp4ehd5zv4edb                                                                                                             |                                                                                                                                                                           |                4 |             44 |
|  MainDesign_i/processing_system7_0/inst/FCLK_CLK1 | MainDesign_i/zed_hdmi_display/axi_vdma_0/U0/I_PRMRY_DATAMOVER/GEN_MM2S_FULL.I_MM2S_FULL_WRAPPER/I_ADDR_CNTL/GEN_ADDR_FIFO.I_ADDR_QUAL_FIFO/sig_wr_fifo                                                                                           |                                                                                                                                                                           |                6 |             46 |
|  MainDesign_i/processing_system7_0/inst/FCLK_CLK1 |                                                                                                                                                                                                                                                  | MainDesign_i/zed_hdmi_display/axi_vdma_0/U0/GEN_SPRT_FOR_MM2S.MM2S_VID_CDC_I/p_0_in                                                                                       |               15 |             46 |
|  MainDesign_i/processing_system7_0/inst/FCLK_CLK1 | MainDesign_i/zed_hdmi_display/axi_vdma_0/U0/I_PRMRY_DATAMOVER/GEN_MM2S_FULL.I_MM2S_FULL_WRAPPER/I_ADDR_CNTL/sig_push_addr_reg1_out                                                                                                               | MainDesign_i/zed_hdmi_display/axi_vdma_0/U0/n_0_sig_next_addr_reg[31]_i_1                                                                                                 |                1 |             47 |
|  MainDesign_i/processing_system7_0/inst/FCLK_CLK0 | MainDesign_i/processing_system7_0_axi_periph/s00_couplers/auto_pc/inst/gen_axilite.gen_b2s_conv.axilite_b2s/SI_REG/r_pipe/p_1_in                                                                                                                 |                                                                                                                                                                           |               14 |             47 |
|  MainDesign_i/processing_system7_0/inst/FCLK_CLK0 | MainDesign_i/processing_system7_0_axi_periph/s00_couplers/auto_pc/inst/gen_axilite.gen_b2s_conv.axilite_b2s/si_rs_rready                                                                                                                         |                                                                                                                                                                           |               13 |             47 |
|  MainDesign_i/processing_system7_0/inst/FCLK_CLK0 | MainDesign_i/processing_system7_0_axi_periph/s00_couplers/auto_pc/inst/gen_axilite.gen_b2s_conv.axilite_b2s/SI_REG/ar_pipe/p_1_in                                                                                                                |                                                                                                                                                                           |                9 |             48 |
|  MainDesign_i/processing_system7_0/inst/FCLK_CLK0 | MainDesign_i/processing_system7_0_axi_periph/s00_couplers/auto_pc/inst/gen_axilite.gen_b2s_conv.axilite_b2s/SI_REG/aw_pipe/p_1_in                                                                                                                |                                                                                                                                                                           |               15 |             48 |
|  MainDesign_i/processing_system7_0/inst/FCLK_CLK0 | MainDesign_i/processing_system7_0_axi_periph/s00_couplers/auto_pc/s_axi_awready                                                                                                                                                                  |                                                                                                                                                                           |               15 |             48 |
|  MainDesign_i/processing_system7_0/inst/FCLK_CLK0 | MainDesign_i/processing_system7_0_axi_periph/s00_couplers/auto_pc/s_axi_arready                                                                                                                                                                  |                                                                                                                                                                           |                9 |             48 |
|  MainDesign_i/processing_system7_0/inst/FCLK_CLK1 | MainDesign_i/zed_hdmi_display/axi_vdma_0/U0/I_PRMRY_DATAMOVER/GEN_MM2S_FULL.I_MM2S_FULL_WRAPPER/I_CMD_STATUS/I_CMD_FIFO/sig_wr_fifo                                                                                                              |                                                                                                                                                                           |                7 |             53 |
|  MainDesign_i/processing_system7_0/inst/FCLK_CLK1 | MainDesign_i/zed_hdmi_display/axi_vdma_0/U0/n_0_s_axis_cmd_tdata[63]_i_2                                                                                                                                                                         | MainDesign_i/zed_hdmi_display/axi_vdma_0/U0/GEN_SPRT_FOR_MM2S.I_MM2S_DMA_MNGR/I_CMDSTS/s_axis_cmd_tvalid1                                                                 |               10 |             53 |
|  MainDesign_i/processing_system7_0/inst/FCLK_CLK0 |                                                                                                                                                                                                                                                  | MainDesign_i/processing_system7_0_axi_periph/s00_couplers/auto_pc/inst/gen_axilite.gen_b2s_conv.axilite_b2s/areset_d1                                                     |               22 |             71 |
|  MainDesign_i/processing_system7_0/inst/FCLK_CLK1 | MainDesign_i/zed_hdmi_display/axi_mem_intercon/s00_couplers/auto_pc/s_axi_arready                                                                                                                                                                | MainDesign_i/zed_hdmi_display/axi_mem_intercon/s00_couplers/auto_pc/n_0_S_AXI_ASIZE_Q[2]_i_1                                                                              |               25 |            100 |
|  MainDesign_i/processing_system7_0/inst/FCLK_CLK1 | MainDesign_i/zed_hdmi_display/axi_vdma_0/U0/GEN_SPRT_FOR_MM2S.I_MM2S_DMA_MNGR/VIDEO_REG_I/video_reg_update                                                                                                                                       | MainDesign_i/zed_hdmi_display/axi_vdma_0/U0/GEN_SPRT_FOR_MM2S.MM2S_VID_CDC_I/p_0_in                                                                                       |               27 |            141 |
|  MainDesign_i/clk_wiz_0/inst/clk_out1             | MainDesign_i/zed_hdmi_display/v_axi4s_vid_out_0/inst/vtg_ce                                                                                                                                                                                      | MainDesign_i/zed_hdmi_display/v_tc_0/U0/obsf2pw4n412wp4ehkvdd4vkggrvsn4ll5cdpd3xtpvkrr5rbyalf5qikgnb                                                                      |               27 |            144 |
|  MainDesign_i/processing_system7_0/inst/FCLK_CLK1 | MainDesign_i/zed_hdmi_display/v_cresample_0/U0/intc_if[0]                                                                                                                                                                                        |                                                                                                                                                                           |               29 |            156 |
|  MainDesign_i/clk_wiz_0/inst/clk_out1             | MainDesign_i/zed_hdmi_display/v_tc_0/U0/obsig5tl3e31d13pwn3d3my33dljsjvd4eguzaye5ary0titrp2rcbsjz4edkp4fdg2d4fepyum2q5yur4eptd                                                                                                                   | MainDesign_i/zed_hdmi_display/v_tc_0/U0/obsng5tl3kump0xe1pvtlu5rbuqriprd21                                                                                                |               33 |            168 |
|  MainDesign_i/processing_system7_0/inst/FCLK_CLK1 | MainDesign_i/zed_hdmi_display/v_rgb2ycrcb_0/U0/intc_if[0]                                                                                                                                                                                        |                                                                                                                                                                           |               47 |            206 |
|  MainDesign_i/processing_system7_0/inst/FCLK_CLK0 |                                                                                                                                                                                                                                                  |                                                                                                                                                                           |              161 |            423 |
|  MainDesign_i/processing_system7_0/inst/FCLK_CLK1 |                                                                                                                                                                                                                                                  |                                                                                                                                                                           |              217 |            582 |
|  MainDesign_i/clk_wiz_0/inst/clk_out1             |                                                                                                                                                                                                                                                  |                                                                                                                                                                           |              361 |           1264 |
+---------------------------------------------------+--------------------------------------------------------------------------------------------------------------------------------------------------------------------------------------------------------------------------------------------------+---------------------------------------------------------------------------------------------------------------------------------------------------------------------------+------------------+----------------+


